// Jest Snapshot v1, https://goo.gl/fbAQLP

exports[`templar input type vs output type t71(\`\`) -> function 1`] = `"function"`;

exports[`templar input type vs output type templar(templar\`\`) -> function 1`] = `"function"`;

exports[`templar input type vs output type templar\`\` -> function 1`] = `"function"`;

exports[`templar interop function templar(templar\`\${o=>o.a}\`)(o) -> 'abc' 1`] = `"abc"`;

exports[`templar interop function templar\`\${o=>o.a}\`(o) -> 'abc' 1`] = `"abc"`;

exports[`templar interop more templar templar(templar\`x\${templar\`y\${o => o.a}\`}\`)(o) -> 'xyabc' 1`] = `"xyabc"`;

exports[`templar interop more templar templar\`x\${templar\`y\${o=>o.a}\`}\`(o) => 'xyabc' 1`] = `"xyabc"`;

exports[`templar interop more templar templar\`x\${templar\`y\${templar\`z\${o=>o.a}\`}\`}\`(o) => 'xyabc' 1`] = `"xyzabc"`;

exports[`templar interop nested functions templar\`\${fn}\`(o) -> 'abc' 1`] = `"abc"`;

exports[`templar no interop templar('abc')() -> 'abc' 1`] = `"abc"`;

exports[`templar no interop templar(templar\`abc\`)() -> 'abc' 1`] = `"abc"`;

exports[`templar no interop templar\`abc\`() -> 'abc' 1`] = `"abc"`;

exports[`templar only interop templar(templar\`\${'abc'}\`)() -> 'abc' 1`] = `"abc"`;

exports[`templar only interop templar\`\${'abc'}\`() -> 'abc' 1`] = `"abc"`;
